[    0.000000] Initializing cgroup subsys cpuset
[    0.000000] Initializing cgroup subsys cpu
[    0.000000] Initializing cgroup subsys cpuacct
[    0.000000] Linux version 4.4.0-89-generic (buildd@lgw01-18) (gcc version 5.4.0 20160609 (Ubuntu 5.4.0-6ubuntu1~16.04.4) ) #112-Ubuntu SMP Mon Jul 31 19:38:41 UTC 2017 (Ubuntu 4.4.0-89.112-generic 4.4.76)
[    0.000000] Command line: BOOT_IMAGE=/boot/vmlinuz-4.4.0-89-generic root=LABEL=cloudimg-rootfs ro console=tty1 console=ttyS0
[    0.000000] KERNEL supported cpus:
[    0.000000]   Intel GenuineIntel
[    0.000000]   AMD AuthenticAMD
[    0.000000]   Centaur CentaurHauls
[    0.000000] x86/fpu: xstate_offset[2]:  576, xstate_sizes[2]:  256
[    0.000000] x86/fpu: Supporting XSAVE feature 0x01: 'x87 floating point registers'
[    0.000000] x86/fpu: Supporting XSAVE feature 0x02: 'SSE registers'
[    0.000000] x86/fpu: Supporting XSAVE feature 0x04: 'AVX registers'
[    0.000000] x86/fpu: Enabled xstate features 0x7, context size is 832 bytes, using 'standard' format.
[    0.000000] x86/fpu: Using 'lazy' FPU context switches.
[    0.000000] e820: BIOS-provided physical RAM map:
[    0.000000] BIOS-e820: [mem 0x0000000000000000-0x000000000009fbff] usable
[    0.000000] BIOS-e820: [mem 0x000000000009fc00-0x000000000009ffff] reserved
[    0.000000] BIOS-e820: [mem 0x00000000000f0000-0x00000000000fffff] reserved
[    0.000000] BIOS-e820: [mem 0x0000000000100000-0x000000003ffeffff] usable
[    0.000000] BIOS-e820: [mem 0x000000003fff0000-0x000000003fffffff] ACPI data
[    0.000000] BIOS-e820: [mem 0x00000000fec00000-0x00000000fec00fff] reserved
[    0.000000] BIOS-e820: [mem 0x00000000fee00000-0x00000000fee00fff] reserved
[    0.000000] BIOS-e820: [mem 0x00000000fffc0000-0x00000000ffffffff] reserved
[    0.000000] NX (Execute Disable) protection: active
[    0.000000] SMBIOS 2.5 present.
[    0.000000] Hypervisor detected: KVM
[    0.000000] e820: last_pfn = 0x3fff0 max_arch_pfn = 0x400000000
[    0.000000] MTRR: Disabled
[    0.000000] x86/PAT: MTRRs disabled, skipping PAT initialization too.
[    0.000000] x86/PAT: Configuration [0-7]: WB  WT  UC- UC  WB  WT  UC- UC  
[    0.000000] CPU MTRRs all blank - virtualized system.
[    0.000000] found SMP MP-table at [mem 0x0009fff0-0x0009ffff] mapped at [ffff88000009fff0]
[    0.000000] Scanning 1 areas for low memory corruption
[    0.000000] RAMDISK: [mem 0x36ac4000-0x37559fff]
[    0.000000] ACPI: Early table checksum verification disabled
[    0.000000] ACPI: RSDP 0x00000000000E0000 000024 (v02 VBOX  )
[    0.000000] ACPI: XSDT 0x000000003FFF0030 00003C (v01 VBOX   VBOXXSDT 00000001 ASL  00000061)
[    0.000000] ACPI: FACP 0x000000003FFF00F0 0000F4 (v04 VBOX   VBOXFACP 00000001 ASL  00000061)
[    0.000000] ACPI: DSDT 0x000000003FFF0470 0021C8 (v02 VBOX   VBOXBIOS 00000002 INTL 20100528)
[    0.000000] ACPI: FACS 0x000000003FFF0200 000040
[    0.000000] ACPI: FACS 0x000000003FFF0200 000040
[    0.000000] ACPI: APIC 0x000000003FFF0240 00005C (v02 VBOX   VBOXAPIC 00000001 ASL  00000061)
[    0.000000] ACPI: SSDT 0x000000003FFF02A0 0001CC (v01 VBOX   VBOXCPUT 00000002 INTL 20100528)
[    0.000000] No NUMA configuration found
[    0.000000] Faking a node at [mem 0x0000000000000000-0x000000003ffeffff]
[    0.000000] NODE_DATA(0) allocated [mem 0x3ffeb000-0x3ffeffff]
[    0.000000] kvm-clock: Using msrs 4b564d01 and 4b564d00
[    0.000000] kvm-clock: cpu 0, msr 0:3ffe3001, primary cpu clock
[    0.000000] kvm-clock: using sched offset of 3320571417 cycles
[    0.000000] clocksource: kvm-clock: mask: 0xffffffffffffffff max_cycles: 0x1cd42e4dffb, max_idle_ns: 881590591483 ns
[    0.000000] Zone ranges:
[    0.000000]   DMA      [mem 0x0000000000001000-0x0000000000ffffff]
[    0.000000]   DMA32    [mem 0x0000000001000000-0x000000003ffeffff]
[    0.000000]   Normal   empty
[    0.000000]   Device   empty
[    0.000000] Movable zone start for each node
[    0.000000] Early memory node ranges
[    0.000000]   node   0: [mem 0x0000000000001000-0x000000000009efff]
[    0.000000]   node   0: [mem 0x0000000000100000-0x000000003ffeffff]
[    0.000000] Initmem setup node 0 [mem 0x0000000000001000-0x000000003ffeffff]
[    0.000000] ACPI: PM-Timer IO Port: 0x4008
[    0.000000] IOAPIC[0]: apic_id 2, version 32, address 0xfec00000, GSI 0-23
[    0.000000] ACPI: INT_SRC_OVR (bus 0 bus_irq 0 global_irq 2 dfl dfl)
[    0.000000] ACPI: INT_SRC_OVR (bus 0 bus_irq 9 global_irq 9 high level)
[    0.000000] Using ACPI (MADT) for SMP configuration information
[    0.000000] smpboot: Allowing 2 CPUs, 0 hotplug CPUs
[    0.000000] PM: Registered nosave memory: [mem 0x00000000-0x00000fff]
[    0.000000] PM: Registered nosave memory: [mem 0x0009f000-0x0009ffff]
[    0.000000] PM: Registered nosave memory: [mem 0x000a0000-0x000effff]
[    0.000000] PM: Registered nosave memory: [mem 0x000f0000-0x000fffff]
[    0.000000] e820: [mem 0x40000000-0xfebfffff] available for PCI devices
[    0.000000] Booting paravirtualized kernel on KVM
[    0.000000] clocksource: refined-jiffies: mask: 0xffffffff max_cycles: 0xffffffff, max_idle_ns: 7645519600211568 ns
[    0.000000] setup_percpu: NR_CPUS:512 nr_cpumask_bits:512 nr_cpu_ids:2 nr_node_ids:1
[    0.000000] PERCPU: Embedded 33 pages/cpu @ffff88003fc00000 s98264 r8192 d28712 u1048576
[    0.000000] PV qspinlock hash table entries: 256 (order: 0, 4096 bytes)
[    0.000000] Built 1 zonelists in Node order, mobility grouping on.  Total pages: 257913
[    0.000000] Policy zone: DMA32
[    0.000000] Kernel command line: BOOT_IMAGE=/boot/vmlinuz-4.4.0-89-generic root=LABEL=cloudimg-rootfs ro console=tty1 console=ttyS0
[    0.000000] PID hash table entries: 4096 (order: 3, 32768 bytes)
[    0.000000] Memory: 1001736K/1048120K available (8474K kernel code, 1294K rwdata, 3984K rodata, 1488K init, 1316K bss, 46384K reserved, 0K cma-reserved)
[    0.000000] SLUB: HWalign=64, Order=0-3, MinObjects=0, CPUs=2, Nodes=1
[    0.000000] Hierarchical RCU implementation.
[    0.000000] 	Build-time adjustment of leaf fanout to 64.
[    0.000000] 	RCU restricting CPUs from NR_CPUS=512 to nr_cpu_ids=2.
[    0.000000] RCU: Adjusting geometry for rcu_fanout_leaf=64, nr_cpu_ids=2
[    0.000000] NR_IRQS:33024 nr_irqs:440 16
[    0.000000] Console: colour VGA+ 80x25
[    0.000000] console [tty1] enabled
[    0.000000] console [ttyS0] enabled
[    0.000000] tsc: Detected 1599.999 MHz processor
[    3.159240] Calibrating delay loop (skipped) preset value.. 3199.99 BogoMIPS (lpj=6399996)
[    3.195845] pid_max: default: 32768 minimum: 301
[    3.257981] ACPI: Core revision 20150930
[    3.312084] ACPI: 2 ACPI AML tables successfully acquired and loaded
[    3.380903] Security Framework initialized
[    3.412942] Yama: becoming mindful.
[    3.433519] AppArmor: AppArmor initialized
[    3.444135] Dentry cache hash table entries: 131072 (order: 8, 1048576 bytes)
[    3.461031] Inode-cache hash table entries: 65536 (order: 7, 524288 bytes)
[    3.496993] Mount-cache hash table entries: 2048 (order: 2, 16384 bytes)
[    3.534811] Mountpoint-cache hash table entries: 2048 (order: 2, 16384 bytes)
[    3.572314] Initializing cgroup subsys io
[    3.614534] Initializing cgroup subsys memory
[    3.661191] Initializing cgroup subsys devices
[    3.670020] Initializing cgroup subsys freezer
[    3.714734] Initializing cgroup subsys net_cls
[    3.722855] Initializing cgroup subsys perf_event
[    3.752419] Initializing cgroup subsys net_prio
[    3.795662] Initializing cgroup subsys hugetlb
[    3.838598] Initializing cgroup subsys pids
[    3.871096] CPU: Physical Processor ID: 0
[    3.890043] CPU: Processor Core ID: 0
[    3.919850] mce: CPU supports 0 MCE banks
[    3.974414] Last level iTLB entries: 4KB 64, 2MB 8, 4MB 8
[    4.009201] Last level dTLB entries: 4KB 64, 2MB 0, 4MB 0, 1GB 4
[    4.071638] Freeing SMP alternatives memory: 32K (ffffffff820b9000 - ffffffff820c1000)
[    4.131735] ftrace: allocating 32131 entries in 126 pages
[    4.213869] smpboot: APIC(0) Converting physical 0 to logical package 0
[    4.255466] smpboot: Max logical packages: 1
[    4.267158] x2apic enabled
[    4.288501] Switched APIC routing to physical x2apic.
[    4.302104] ..TIMER: vector=0x30 apic1=0 pin1=2 apic2=-1 pin2=-1
[    4.490277] smpboot: CPU0: Intel(R) Core(TM) i5-5250U CPU @ 1.60GHz (family: 0x6, model: 0x3d, stepping: 0x4)
[    4.585193] Performance Events: unsupported p6 CPU model 61 no PMU driver, software events only.
[    4.611542] KVM setup paravirtual spinlock
[    4.632700] x86: Booting SMP configuration:
[    4.678728] .... node  #0, CPUs:      #1
[    4.688093] kvm-clock: cpu 1, msr 0:3ffe3041, secondary cpu clock
[    4.701211] mce: CPU supports 0 MCE banks
[    4.713286] x86: Booted up 1 node, 2 CPUs
[    4.743589] smpboot: Total of 2 processors activated (6399.99 BogoMIPS)
[    4.807614] devtmpfs: initialized
[    4.836210] evm: security.selinux
[    4.856188] evm: security.SMACK64
[    4.894249] evm: security.SMACK64EXEC
[    4.918388] evm: security.SMACK64TRANSMUTE
[    4.934360] evm: security.SMACK64MMAP
[    4.950145] evm: security.ima
[    4.951072] evm: security.capability
[    4.978303] clocksource: jiffies: mask: 0xffffffff max_cycles: 0xffffffff, max_idle_ns: 7645041785100000 ns
[    5.000403] futex hash table entries: 512 (order: 3, 32768 bytes)
[    5.002344] pinctrl core: initialized pinctrl subsystem
[    5.011585] RTC time: 15:06:46, date: 08/08/17
[    5.014705] NET: Registered protocol family 16
[    5.034516] cpuidle: using governor ladder
[    5.070356] cpuidle: using governor menu
[    5.076427] PCCT header not found.
[    5.077557] ACPI: bus type PCI registered
[    5.078746] acpiphp: ACPI Hot Plug PCI Controller Driver version: 0.5
[    5.080536] PCI: Using configuration type 1 for base access
[    5.103270] ACPI: Added _OSI(Module Device)
[    5.118524] ACPI: Added _OSI(Processor Device)
[    5.119770] ACPI: Added _OSI(3.0 _SCP Extensions)
[    5.121062] ACPI: Added _OSI(Processor Aggregator Device)
[    5.123512] ACPI: Executed 1 blocks of module-level executable AML code
[    5.163934] ACPI: Interpreter enabled
[    5.165040] ACPI: (supports S0 S5)
[    5.167212] ACPI: Using IOAPIC for interrupt routing
[    5.168768] PCI: Using host bridge windows from ACPI; if necessary, use "pci=nocrs" and report a bug
[    5.175724] ACPI: PCI Root Bridge [PCI0] (domain 0000 [bus 00-ff])
[    5.182546] acpi PNP0A03:00: _OSC: OS supports [ASPM ClockPM Segments MSI]
[    5.184330] acpi PNP0A03:00: _OSC failed (AE_NOT_FOUND); disabling ASPM
[    5.187178] acpi PNP0A03:00: fail to add MMCONFIG information, can't access extended PCI configuration space under this bridge.
[    5.200777] PCI host bridge to bus 0000:00
[    5.229936] pci_bus 0000:00: root bus resource [io  0x0000-0x0cf7 window]
[    5.265910] pci_bus 0000:00: root bus resource [io  0x0d00-0xffff window]
[    5.292046] pci_bus 0000:00: root bus resource [mem 0x000a0000-0x000bffff window]
[    5.294294] pci_bus 0000:00: root bus resource [mem 0x40000000-0xffdfffff window]
[    5.296482] pci_bus 0000:00: root bus resource [bus 00-ff]
[    5.324737] pci 0000:00:01.1: legacy IDE quirk: reg 0x10: [io  0x01f0-0x01f7]
[    5.336485] pci 0000:00:01.1: legacy IDE quirk: reg 0x14: [io  0x03f6]
[    5.353181] pci 0000:00:01.1: legacy IDE quirk: reg 0x18: [io  0x0170-0x0177]
[    5.375905] pci 0000:00:01.1: legacy IDE quirk: reg 0x1c: [io  0x0376]
[    5.435686] pci 0000:00:07.0: quirk: [io  0x4000-0x403f] claimed by PIIX4 ACPI
[    5.505034] pci 0000:00:07.0: quirk: [io  0x4100-0x410f] claimed by PIIX4 SMB
[    5.536669] ACPI: PCI Interrupt Link [LNKA] (IRQs 5 9 10 *11)
[    5.577158] ACPI: PCI Interrupt Link [LNKB] (IRQs 5 9 10 *11)
[    5.593902] ACPI: PCI Interrupt Link [LNKC] (IRQs 5 9 *10 11)
[    5.608868] ACPI: PCI Interrupt Link [LNKD] (IRQs 5 *9 10 11)
[    5.648974] ACPI: Enabled 2 GPEs in block 00 to 07
[    5.662849] vgaarb: setting as boot device: PCI:0000:00:02.0
[    5.694359] vgaarb: device added: PCI:0000:00:02.0,decodes=io+mem,owns=io+mem,locks=none
[    5.696656] vgaarb: loaded
[    5.697729] vgaarb: bridge control possible 0000:00:02.0
[    5.715073] SCSI subsystem initialized
[    5.721338] ACPI: bus type USB registered
[    5.727436] usbcore: registered new interface driver usbfs
[    5.733863] usbcore: registered new interface driver hub
[    5.741979] usbcore: registered new device driver usb
[    5.750972] PCI: Using ACPI for IRQ routing
[    5.759681] NetLabel: Initializing
[    5.771656] NetLabel:  domain hash size = 128
[    5.775928] NetLabel:  protocols = UNLABELED CIPSOv4
[    5.810496] NetLabel:  unlabeled traffic allowed by default
[    5.850568] amd_nb: Cannot enumerate AMD northbridges
[    5.900066] clocksource: Switched to clocksource kvm-clock
[    5.952538] AppArmor: AppArmor Filesystem Enabled
[    6.031571] pnp: PnP ACPI init
[    6.078671] pnp: PnP ACPI: found 3 devices
[    6.177513] clocksource: acpi_pm: mask: 0xffffff max_cycles: 0xffffff, max_idle_ns: 2085701024 ns
[    6.302805] NET: Registered protocol family 2
[    6.368049] TCP established hash table entries: 8192 (order: 4, 65536 bytes)
[    6.433613] TCP bind hash table entries: 8192 (order: 5, 131072 bytes)
[    6.508543] TCP: Hash tables configured (established 8192 bind 8192)
[    6.635047] UDP hash table entries: 512 (order: 2, 16384 bytes)
[    6.737841] UDP-Lite hash table entries: 512 (order: 2, 16384 bytes)
[    6.825618] NET: Registered protocol family 1
[    6.826885] pci 0000:00:00.0: Limiting direct PCI/PCI transfers
[    6.831373] pci 0000:00:01.0: Activating ISA DMA hang workarounds
[    6.846494] Unpacking initramfs...
[    9.036423] Freeing initrd memory: 10840K (ffff880036ac4000 - ffff88003755a000)
[    9.081136] RAPL PMU detected, API unit is 2^-32 Joules, 4 fixed counters 10737418240 ms ovfl timer
[    9.118978] hw unit of domain pp0-core 2^-0 Joules
[    9.149811] hw unit of domain package 2^-0 Joules
[    9.192680] hw unit of domain dram 2^-0 Joules
[    9.257554] hw unit of domain pp1-gpu 2^-0 Joules
[    9.300945] platform rtc_cmos: registered platform RTC device (no PNP device found)
[    9.428846] Scanning for low memory corruption every 60 seconds
[    9.549504] audit: initializing netlink subsys (disabled)
[    9.587984] audit: type=2000 audit(1502204810.684:1): initialized
[    9.657121] Initialise system trusted keyring
[    9.690288] HugeTLB registered 2 MB page size, pre-allocated 0 pages
[    9.750764] zbud: loaded
[    9.780670] VFS: Disk quotas dquot_6.6.0
[    9.839742] VFS: Dquot-cache hash table entries: 512 (order 0, 4096 bytes)
[    9.890596] squashfs: version 4.0 (2009/01/31) Phillip Lougher
[    9.987139] fuse init (API version 7.23)
[   10.063587] Key type big_key registered
[   10.135650] Allocating IMA MOK and blacklist keyrings.
[   10.186603] Key type asymmetric registered
[   10.203296] Asymmetric key parser 'x509' registered
[   10.255074] Block layer SCSI generic (bsg) driver version 0.4 loaded (major 249)
[   10.332312] tsc: Refined TSC clocksource calibration: 1600.377 MHz
[   10.340201] io scheduler noop registered
[   10.340204] io scheduler deadline registered (default)
[   10.340254] io scheduler cfq registered
[   10.340376] pci_hotplug: PCI Hot Plug PCI Core version: 0.5
[   10.340382] pciehp: PCI Express Hot Plug Controller Driver version: 0.4
[   10.340725] ACPI: AC Adapter [AC] (on-line)
[   10.340783] input: Power Button as /devices/LNXSYSTM:00/LNXPWRBN:00/input/input0
[   10.340786] ACPI: Power Button [PWRF]
[   10.340859] input: Sleep Button as /devices/LNXSYSTM:00/LNXSLPBN:00/input/input1
[   10.340860] ACPI: Sleep Button [SLPF]
[   10.341012] GHES: HEST is not enabled!
[   10.342063] ACPI: Battery Slot [BAT0] (battery present)
[   10.342118] Serial: 8250/16550 driver, 32 ports, IRQ sharing enabled
[   10.388784] 00:02: ttyS0 at I/O 0x3f8 (irq = 4, base_baud = 115200) is a 16550A
[   10.438490] Linux agpgart interface v0.103
[   10.445454] loop: module loaded
[   10.445993] scsi host0: ata_piix
[   10.446048] scsi host1: ata_piix
[   10.446079] ata1: PATA max UDMA/33 cmd 0x1f0 ctl 0x3f6 bmdma 0xd000 irq 14
[   10.446080] ata2: PATA max UDMA/33 cmd 0x170 ctl 0x376 bmdma 0xd008 irq 15
[   10.446153] libphy: Fixed MDIO Bus: probed
[   10.446156] tun: Universal TUN/TAP device driver, 1.6
[   10.446156] tun: (C) 1999-2004 Max Krasnyansky <maxk@qualcomm.com>
[   10.446490] PPP generic driver version 2.4.2
[   10.446555] ehci_hcd: USB 2.0 'Enhanced' Host Controller (EHCI) Driver
[   10.446559] ehci-pci: EHCI PCI platform driver
[   10.446576] ehci-platform: EHCI generic platform driver
[   10.446585] ohci_hcd: USB 1.1 'Open' Host Controller (OHCI) Driver
[   10.446589] ohci-pci: OHCI PCI platform driver
[   10.446597] ohci-platform: OHCI generic platform driver
[   10.446604] uhci_hcd: USB Universal Host Controller Interface driver
[   10.446661] i8042: PNP: PS/2 Controller [PNP0303:PS2K,PNP0f03:PS2M] at 0x60,0x64 irq 1,12
[   10.450430] serio: i8042 KBD port at 0x60,0x64 irq 1
[   10.450437] serio: i8042 AUX port at 0x60,0x64 irq 12
[   10.450576] mousedev: PS/2 mouse device common for all mice
[   10.450900] rtc_cmos rtc_cmos: rtc core: registered rtc_cmos as rtc0
[   10.450964] rtc_cmos rtc_cmos: alarms up to one day, 114 bytes nvram
[   10.450971] i2c /dev entries driver
[   10.451030] device-mapper: uevent: version 1.0.3
[   10.451084] device-mapper: ioctl: 4.34.0-ioctl (2015-10-28) initialised: dm-devel@redhat.com
[   10.451103] ledtrig-cpu: registered to indicate activity on CPUs
[   10.451389] NET: Registered protocol family 10
[   10.451535] NET: Registered protocol family 17
[   10.451548] Key type dns_resolver registered
[   10.466885] microcode: CPU0 sig=0x306d4, pf=0x40, revision=0x0
[   10.466982] microcode: CPU1 sig=0x306d4, pf=0x40, revision=0x0
[   10.467054] microcode: Microcode Update Driver: v2.01 <tigran@aivazian.fsnet.co.uk>, Peter Oruba
[   10.467185] registered taskstats version 1
[   10.467201] Loading compiled-in X.509 certificates
[   10.467910] Loaded X.509 cert 'Build time autogenerated kernel key: 420a71e958a947963108b13c1c2e45412a03ca90'
[   10.467930] zswap: loaded using pool lzo/zbud
[   10.469367] Key type trusted registered
[   10.471806] Key type encrypted registered
[   10.471811] AppArmor: AppArmor sha1 policy hashing enabled
[   10.471814] ima: No TPM chip found, activating TPM-bypass!
[   10.471833] evm: HMAC attrs: 0x1
[   10.472177]   Magic number: 13:268:133
[   10.478539] rtc_cmos rtc_cmos: setting system clock to 2017-08-08 15:06:51 UTC (1502204811)
[   10.478689] BIOS EDD facility v0.16 2004-Jun-25, 0 devices found
[   10.478689] EDD information not available.
[   10.678198] input: AT Translated Set 2 keyboard as /devices/platform/i8042/serio0/input/input2
[   12.389404] clocksource: tsc: mask: 0xffffffffffffffff max_cycles: 0x1711892343b, max_idle_ns: 440795278738 ns
[   12.453074] Freeing unused kernel memory: 1488K (ffffffff81f45000 - ffffffff820b9000)
[   12.537514] Write protecting the kernel read-only data: 14336k
[   12.570228] Freeing unused kernel memory: 1752K (ffff88000184a000 - ffff880001a00000)
[   12.598496] Freeing unused kernel memory: 112K (ffff880001de4000 - ffff880001e00000)
Loading, please wait...
starting version 229
[   12.632054] random: systemd-udevd: uninitialized urandom read (16 bytes read, 7 bits of entropy available)
[   12.632753] random: udevadm: uninitialized urandom read (16 bytes read, 7 bits of entropy available)
[   12.632809] random: udevadm: uninitialized urandom read (16 bytes read, 7 bits of entropy available)
[   12.633085] random: udevadm: uninitialized urandom read (16 bytes read, 7 bits of entropy available)
[   12.633249] random: udevadm: uninitialized urandom read (16 bytes read, 7 bits of entropy available)
[   12.633312] random: udevadm: uninitialized urandom read (16 bytes read, 7 bits of entropy available)
[   12.633359] random: udevadm: uninitialized urandom read (16 bytes read, 7 bits of entropy available)
[   12.633404] random: udevadm: uninitialized urandom read (16 bytes read, 7 bits of entropy available)
[   12.633446] random: udevadm: uninitialized urandom read (16 bytes read, 7 bits of entropy available)
[   12.633540] random: udevadm: uninitialized urandom read (16 bytes read, 7 bits of entropy available)
[   13.147799] e1000: Intel(R) PRO/1000 Network Driver - version 7.3.21-k8-NAPI
[   13.159708] e1000: Copyright (c) 1999-2006 Intel Corporation.
[   13.176241] Fusion MPT base driver 3.04.20
[   13.188267] Copyright (c) 1999-2008 LSI Corporation
[   13.210190] AVX version of gcm_enc/dec engaged.
[   13.217032] AES CTR mode by8 optimization enabled
[   13.240312] Fusion MPT SPI Host driver 3.04.20
[   13.372689] input: ImExPS/2 Generic Explorer Mouse as /devices/platform/i8042/serio1/input/input4
[   13.562047] e1000 0000:00:03.0 eth0: (PCI:33MHz:32-bit) 02:c0:e2:3c:71:11
[   13.605561] e1000 0000:00:03.0 eth0: Intel(R) PRO/1000 Network Connection
[   13.645577] mptbase: ioc0: Initiating bringup
[   13.732530] ioc0: LSI53C1030 A0: Capabilities={Initiator}
[   13.963975] scsi host2: ioc0: LSI53C1030 A0, FwRev=00000000h, Ports=1, MaxQ=256, IRQ=20
[   14.128843] scsi 2:0:0:0: Direct-Access     VBOX     HARDDISK         1.0  PQ: 0 ANSI: 5
[   14.221532] scsi target2:0:0: Beginning Domain Validation
[   14.321769] scsi target2:0:0: Domain Validation skipping write tests
[   14.417193] scsi target2:0:0: Ending Domain Validation
[   14.420820] scsi target2:0:0: asynchronous
[   14.426449] scsi 2:0:1:0: Direct-Access     VBOX     HARDDISK         1.0  PQ: 0 ANSI: 5
[   14.440578] scsi target2:0:1: Beginning Domain Validation
[   14.446252] scsi target2:0:1: Domain Validation skipping write tests
[   14.450240] scsi target2:0:1: Ending Domain Validation
[   14.461466] scsi target2:0:1: asynchronous
[   14.509042] sd 2:0:0:0: Attached scsi generic sg0 type 0
[   14.514839] sd 2:0:0:0: [sda] 20971520 512-byte logical blocks: (10.7 GB/10.0 GiB)
[   14.525668] sd 2:0:1:0: Attached scsi generic sg1 type 0
[   14.534400] sd 2:0:1:0: [sdb] 20480 512-byte logical blocks: (10.5 MB/10.0 MiB)
[   14.543492] sd 2:0:0:0: [sda] Write Protect is off
[   14.548056] sd 2:0:1:0: [sdb] Write Protect is off
[   14.549871] sd 2:0:1:0: [sdb] Incomplete mode parameter data
[   14.553670] sd 2:0:1:0: [sdb] Assuming drive cache: write through
[   14.555382] sd 2:0:0:0: [sda] Incomplete mode parameter data
[   14.557027] sd 2:0:0:0: [sda] Assuming drive cache: write through
[   14.561454]  sda: sda1
[   14.566938] sd 2:0:1:0: [sdb] Attached SCSI disk
[   14.570884] sd 2:0:0:0: [sda] Attached SCSI disk
[   14.787924] e1000 0000:00:08.0 eth1: (PCI:33MHz:32-bit) 08:00:27:71:21:34
[   14.833234] e1000 0000:00:08.0 eth1: Intel(R) PRO/1000 Network Connection
[   14.886266] e1000 0000:00:08.0 enp0s8: renamed from eth1
[   14.952621] e1000 0000:00:03.0 enp0s3: renamed from eth0
[   16.172553] floppy0: no floppy controllers found
Begin: Loading e[   17.629069] md: linear personality registered for level -1
ssential drivers ... [   17.657641] md: multipath personality registered for level -4
[   17.719998] md: raid0 personality registered for level 0
[   17.776111] md: raid1 personality registered for level 1
[   17.904619] raid6: sse2x1   gen()  7349 MB/s
[   18.012088] raid6: sse2x1   xor()  5416 MB/s
[   18.124147] raid6: sse2x2   gen()  4782 MB/s
[   18.200403] raid6: sse2x2   xor()  5902 MB/s
[   18.272415] raid6: sse2x4   gen() 10130 MB/s
[   18.340648] raid6: sse2x4   xor()  7480 MB/s
[   18.361172] raid6: using algorithm sse2x4 gen() 10130 MB/s
[   18.410936] raid6: .... xor() 7480 MB/s, rmw enabled
[   18.412182] raid6: using ssse3x2 recovery algorithm
[   18.459747] xor: automatically using best checksumming function:
[   18.592469]    avx       : 16875.000 MB/sec
[   18.663189] async_tx: api initialized (async)
[   18.714457] md: raid6 personality registered for level 6
[   18.749579] md: raid5 personality registered for level 5
[   18.751087] md: raid4 personality registered for level 4
[   18.769799] md: raid10 personality registered for level 10
done.
Begin: Running /scripts/init-premount ... done.
Begin: Mounting root file system ... Begin: Running /scripts/local-top ... done.
Begin: Running /scripts/local-premount ... [   18.868702] Btrfs loaded
Scanning for Btrfs filesystems
done.
Warning: fsck not present, so sk[   18.940561] EXT4-fs (sda1): mounted filesystem with ordered data mode. Opts: (null)
ipping root file system
done.
Begin: Running /scripts/local-bottom ... done.
Begin: Running /scripts/init-bottom ... done.
[   19.062648] systemd[1]: systemd 229 running in system mode. (+PAM +AUDIT +SELINUX +IMA +APPARMOR +SMACK +SYSVINIT +UTMP +LIBCRYPTSETUP +GCRYPT +GNUTLS +ACL +XZ -LZ4 +SECCOMP +BLKID +ELFUTILS +KMOD -IDN)
[   19.169874] systemd[1]: Detected virtualization oracle.
[   19.189517] systemd[1]: Detected architecture x86-64.

Welcome to [1mUbuntu 16.04.3 LTS[0m!

[   19.248805] systemd[1]: Set hostname to <ubuntu>.
[   19.263158] systemd[1]: Initializing machine ID from random generator.
[   19.330959] systemd[1]: Installed transient /etc/machine-id file.
[   19.548020] systemd[1]: Set up automount Arbitrary Executable File Formats File System Automount Point.
[[0;32m  OK  [0m] Set up automount Arbitrary Executab...ats File System Automount Point.
[   19.624865] systemd[1]: Started Forward Password Requests to Wall Directory Watch.
[[0;32m  OK  [0m] Started Forward Password Requests to Wall Directory Watch.
[   19.692148] systemd[1]: Listening on udev Control Socket.
[[0;32m  OK  [0m] Listening on udev Control Socket.
[   19.788671] systemd[1]: Listening on Syslog Socket.
[[0;32m  OK  [0m] Listening on Syslog Socket.
[   19.819049] systemd[1]: Created slice System Slice.
[[0;32m  OK  [0m] Created slice System Slice.
[   19.912403] systemd[1]: Listening on Journal Socket (/dev/log).
[[0;32m  OK  [0m] Listening on Journal Socket (/dev/log).
[   19.964418] systemd[1]: Started Trigger resolvconf update for networkd DNS.
[[0;32m  OK  [0m] Started Trigger resolvconf update for networkd DNS.
[   20.077381] systemd[1]: Listening on Journal Audit Socket.
[[0;32m  OK  [0m] Listening on Journal Audit Socket.
[   20.144986] systemd[1]: Reached target Swap.
[[0;32m  OK  [0m] Reached target Swap.
[   20.244908] systemd[1]: Listening on /dev/initctl Compatibility Named Pipe.
[[0;32m  OK  [0m] Listening on /dev/initctl Compatibility Named Pipe.
[   20.288915] systemd[1]: Listening on udev Kernel Socket.
[[0;32m  OK  [0m] Listening on udev Kernel Socket.
[   20.327991] systemd[1]: Listening on Device-mapper event daemon FIFOs.
[[0;32m  OK  [0m] Listening on Device-mapper event daemon FIFOs.
[   20.381014] systemd[1]: Reached target Encrypted Volumes.
[[0;32m  OK  [0m] Reached target Encrypted Volumes.
[   20.416952] systemd[1]: Created slice User and Session Slice.
[[0;32m  OK  [0m] Created slice User and Session Slice.
[   20.464583] systemd[1]: Reached target Slices.
[[0;32m  OK  [0m] Reached target Slices.
[   20.557671] systemd[1]: Created slice system-serial\x2dgetty.slice.
[[0;32m  OK  [0m] Created slice system-serial\x2dgetty.slice.
[   20.646132] systemd[1]: Listening on LVM2 metadata daemon socket.
[[0;32m  OK  [0m] Listening on LVM2 metadata daemon socket.
[   20.761177] systemd[1]: Listening on Journal Socket.
[[0;32m  OK  [0m] Listening on Journal Socket.
[   20.804384] systemd[1]: Mounting Debug File System...
         Mounting Debug File System...
[   20.829763] systemd[1]: Starting Create list of required static device nodes for the current kernel...
         Starting Create list of required st... nodes for the current kernel...
[   20.969061] systemd[1]: Starting Journal Service...
[   20.973241] random: nonblocking pool is initialized
         Starting Journal Service...
[   21.028692] systemd[1]: Starting Remount Root and Kernel File Systems...
[   21.034134] EXT4-fs (sda1): re-mounted. Opts: (null)
         Starting Remount Root and Kernel File Systems...
[   21.228978] systemd[1]: Mounting Huge Pages File System...
         Mounting Huge Pages File System...
[   21.348484] systemd[1]: Starting Nameserver information manager...
         Starting Nameserver information manager...
[   21.508623] systemd[1]: Starting Set console keymap...
         Starting Set console keymap...
[   21.596730] systemd[1]: Starting Monitoring of LVM2 mirrors, snapshots etc. using dmeventd or progress polling...
         Starting Monitoring of LVM2 mirrors... dmeventd or progress polling...
[   21.684505] systemd[1]: Starting Load Kernel Modules...
[   21.710456] Loading iSCSI transport class v2.0-870.
         Starting Load Kernel Modules...
[   21.785368] iscsi: registered transport (tcp)
[   21.810985] systemd[1]: Starting Uncomplicated firewall...
         Starting Uncomplicated firewall...
[   21.837430] systemd[1]: Mounting POSIX Message Queue File System...
         Mounting POSIX Message [   21.846395] iscsi: registered transport (iser)
Queue File System...
[   21.864532] systemd[1]: Reached target User and Group Name Lookups.
[[0;32m  OK  [0m] Reached target User and Group Name Lookups.
[   21.917764] systemd[1]: Listening on LVM2 poll daemon socket.
[[0;32m  OK  [0m] Listening on LVM2 poll daemon socket.
[   21.973460] systemd[1]: Mounted POSIX Message Queue File System.
[[0;32m  OK  [0m] Mounted POSIX Message Queue File System.
[   22.068533] systemd[1]: Mounted Huge Pages File System.
[[0;32m  OK  [0m] Mounted Huge Pages File System.
[   22.084371] systemd[1]: Mounted Debug File System.
[[0;32m  OK  [0m] Mounted Debug File System.
[   22.100645] systemd[1]: Started Journal Service.
[[0;32m  OK  [0m] Started Journal Service.
[[0;32m  OK  [0m] Started Create list of required sta...ce nodes for the current kernel.
[[0;32m  OK  [0m] Started Remount Root and Kernel File Systems.
[[0;32m  OK  [0m] Started Set console keymap.
[[0;32m  OK  [0m] Started Load Kernel Modules.
[[0;32m  OK  [0m] Started Uncomplicated firewall.
[[0;32m  OK  [0m] Started Nameserver information manager.
[[0;32m  OK  [0m] Started LVM2 metadata daemon.
         Starting Apply Kernel Variables...
         Mounting FUSE Control File System...
         Starting Initial cloud-init job (pre-networking)...
         Starting udev Coldplug all Devices...
         Starting Load/Save Random Seed...
         Starting Create Static Device Nodes in /dev...
         Starting Flush Journal to Persistent Storage...
[[0;32m  OK  [0m] Mounted FUSE Control File System.
[[0;32m  OK  [0m] Started Apply Kernel Variables.
[[0;32m  OK  [0m] Started Load/Save Random Seed.
[[0;32m  OK  [0m] Started Create Static Device Nodes in /dev.
[[0;32m  OK  [0m] Started udev Coldplug all Devices.
[[0;32m  OK  [0m] Started Flush Journal to Persistent Storage.
         Starting udev Kernel Device Manager...
[[0;32m  OK  [0m] Started udev Kernel Device Manager.
[[0;32m  OK  [0m] Started Dispatch Password Requests to Console Directory Watch.
[[0;32m  OK  [0m] Started Monitoring of LVM2 mirrors,...ng dmeventd or progress polling.
[[0;32m  OK  [0m] Reached target Local File Systems (Pre).
[[0;32m  OK  [0m] Reached target Local File Systems.
         Starting Commit a transient machine-id on disk...
         Starting Tell Plymouth To Write Out Runtime Data...
         Starting Set console font and keymap...
         Starting LSB: AppArmor initialization...
         Starting Create Volatile Files and Directories...
[[0;32m  OK  [0m] Started Commit a transient machine-id on disk.
[[0;32m  OK  [0m] Started Tell Plymouth To Write Out Runtime Data.
[[0;32m  OK  [0m] Started Create Volatile Files and Directories.
[[0;32m  OK  [0m] Found device /dev/ttyS0.
         Starting Update UTMP about System Boot/Shutdown...
[[0;32m  OK  [0m] Reached target System Time Synchronized.
[[0;32m  OK  [0m] Started Update UTMP about System Boot/Shutdown.
[[0;32m  OK  [0m] Listening on Load/Save RF Kill Switch Status /dev/rfkill Watch.
[[0;1;31mFAILED[0m] Failed to start Set console font and keymap.
See 'systemctl status console-setup.service' for details.
[   19.202190] cloud-init[446]: Cloud-init v. 0.7.9 running 'init-local' at Tue, 08 Aug 2017 15:07:04 +0000. Up 18.60 seconds.
[[0;32m  OK  [0m] Started LSB: AppArmor initialization.
[[0;32m  OK  [0m] Started Initial cloud-init job (pre-networking).
[[0;32m  OK  [0m] Reached target Network (Pre).
         Starting Raise network interfaces...
[[0;32m  OK  [0m] Created slice system-getty.slice.
[[0;32m  OK  [0m] Started Raise network interfaces.
[[0;32m  OK  [0m] Reached target Network.
         Starting Initial cloud-init job (metadata service crawler)...
[   22.307548] cloud-init[914]: Cloud-init v. 0.7.9 running 'init' at Tue, 08 Aug 2017 15:07:07 +0000. Up 21.42 seconds.
[   22.377342] [cloud-init[0;32m  OK  [0m[914]: ] ci-info: ++++++++++++++++++++++++++++++++++++++Net device info++++++++++++++++++++++++++++++++++++++Started Initial cloud-init job (metadata service crawler).

[[0;32m  OK  [0m] Reached target System Initialization.
[   22.378591]          Starting LXD - unix socket.
cloud-init[914]: ci-info: +--------+-------+----------------------------+---------------+-------+-------------------+
[[0;32m  OK  [0m] Started ACPI Events Check.
[[0;32m  OK  [0m] Reached target Paths.
[[0;32m  OK  [0m] Started Daily Cleanup of Temporary Directories.
[[0;32m  OK  [0m] Listening on ACPID Listen Socket.
[   22.493539] [[0;32m  OK  [0m] Listening on D-Bus System Message Bus Socket.
         Starting Socket activation for snappy daemon.
cloud-init[914]: ci-info: | Device |   Up  |          Address           |      Mask     | Scope |     Hw-Address    |
[[0;32m  OK  [0m] Listening on UUID daemon activation socket.
[[0;32m  OK  [0m] Started Timer to automatically refresh installed snaps.
[[0;32m  OK  [0m] Reached target Cloud-config availability.
[[0;32m  OK  [0m] Reached target Network is Online.
[[0;32m  OK  [0m] Started Daily apt download activities.
[[0;32m  OK  [0m] Started Daily apt upgrade and clean activities.
[[0;32m  OK  [0m] Reached target Timers.
[   22.503361] cloud-init[914]: ci-info: +--------+-------+----------------------------+---------------+-------+-------------------+
[   22.677762]          cloud-initStarting iSCSI initiator daemon (iscsid)...[914]: 
ci-info: | enp0s8 | False |             .              |       .       |   .   | 08:00:27:71:21:34 |
[   22.692841] cloud-init[914]: ci-info: | enp0s3 |  True |         10.0.2.15          | 255.255.255.0 |   .   | 02:c0:e2:3c:71:11 |
[[0;32m  OK  [0m] Listening on LXD - unix socket.
[   22.695525] [cloud-init[0;32m  OK  [0m[914]: ] ci-info: | enp0s3 |  True | fe80::c0:e2ff:fe3c:7111/64 |       .       |  link | 02:c0:e2:3c:71:11 |Listening on Socket activation for snappy daemon.

[   22.773185] cloud-init[914]: ci-info: |   lo   |  True |         127.0.0.1          |   255.0.0.0   |   .   |         .         |
[[0;32m  OK  [0m] Reached target Sockets.
[[0;32m  OK  [0m] Reached target Basic System.
[   22.906534] cloud-init[914]: ci-info: |   lo   |  True |          ::1/128           |       .       |  host |         .         |
[   22.940476]          cloud-initStarting Pollinate to seed the pseudo random number generator...[914]: 
ci-info: +--------+-------+----------------------------+---------------+-------+-------------------+
         Starting Accounts Service...
[   23.082768] cloud-init[914]: ci-info: +++++++++++++++++++++++++++Route IPv4 info++++++++++++++++++++++++++++
[   23.116911] cloud-init[914]: ci-info: +-------+-------------+----------+---------------+-----------+-------+
         Starting Login Service...
[   23.118090] cloud-init[914]: ci-info: | Route | Destination | Gateway  |    Genmask    | Interface | Flags |
         Starting /etc/rc.local Compatibility...
[   23.178735] cloud-init         Starting LSB: MD monitoring daemon...
[914]: ci-info: +-------+-------------+----------+---------------+-----------+-------+
[   23.248832]          Starting System Logging Service...
cloud-init[914]: ci-info: |   0   |   0.0.0.0   | 10.0.2.2 |    0.0.0.0    |   enp0s3  |   UG  |
[   23.255259] cloud-init[914]: ci-info: |   1   |   10.0.2.0  | 0.0.0.0  | 255.255.255.0 |   enp0s3  |   U   |
[   23.268833]          cloud-initStarting Apply the settings specified in cloud-config...[914]: 
ci-info: +-------+-------------+----------+---------------+-----------+-------+
[[0;32m  OK  [0m] Started Unattended Upgrades Shutdown.
[   23.271028] cloud-init[914]: Generating public/private rsa key pair.
[[0;32m  OK  [0m] Started ACPI event daemon.
[   23.342479] [[0;32m  OK  [0m] Started Regular background program processing daemon.
[[0;32m  OK  [0m] Started FUSE filesystem for LXC.
cloud-init[914]: Your identification has been saved in /etc/ssh/ssh_host_rsa_key.
[[0;32m  OK  [0m] Started Deferred execution scheduler.
[   23.392008] cloud-init[914]: Your public key has been saved in /etc/ssh/ssh_host_rsa_key.pub.
[   23.412527] cloud-init[914]: The key fingerprint is:
[   23.415997] cloud-init[914]: SHA256:rPZOMUfyLrhY8md70BGhwo/0iEhsTgwEs7VRJiW6n48 root@ubuntu-xenial
[   23.422175] cloud-init[914]:          Starting LSB: Record successful boot for GRUB...
[[0;32m  OK  [0m] Started D-Bus System Message Bus.
The key's randomart image is:
[   23.444784] cloud-init[914]: +---[RSA 2048]----+
[   23.476689] cloud-init[914]: |*.=o+     ..     |
[   23.504602] cloud-init[914]: | O * .   ..      |
[   23.544482] [cloud-init[0;32m  OK  [0m[914]: ] |o B   + o ..     |Started Snappy daemon.

[   23.545316] cloud-init[914]: | * . o B +.      |
[   23.612714]          cloud-initStarting Auto import assertions from block devices...[914]: 
|. o . o S.o.     |
[   23.614149] cloud-init         [914]: Starting LXD - container startup/shutdown...| . .   o.=.      |

[[0;32m  OK  [0m] Started System Logging Service.
[[0;32m  OK  [0m] Started iSCSI initiator daemon (iscsid).
[[0;32m  OK  [0m] Started Pollinate to seed the pseudo random number generator.
[[0;32m  OK  [0m] Started /etc/rc.local Compatibility.
[[0;32m  OK  [0m] Started Auto import assertions from block devices.
[   23.677066] cloud-init[914]: |  o . = o..      |
[   23.812645] cloud-init[914]: |   o * +o..      |
[   23.841946] cloud-init[914]: |  E o o++o       |
[   23.890867] cloud-init[914]: +----[SHA256]-----+
[[0;32m  OK  [0m] Started LSB: Record successful boot for GRUB.
[   23.945896] cloud-init[914]: Generating public/private dsa key pair.
[[0;32m  OK  [0m] Started Login Service.
[[0;32m  OK  [0m] Started LSB: MD monitoring daemon.
[[0;32m  OK  [0m] Started LXD - container startup/shutdown.
[   23.963581] cloud-init[914]: Your identification has been saved in /etc/ssh/ssh_host_dsa_key.
[   24.035422]          Starting Authenticate and Authorize Users to Run Privileged Tasks...
cloud-init[914]: Your public key has been saved in /etc/ssh/ssh_host_dsa_key.pub.
         Starting OpenBSD Secure Shell server...
[   24.058825] cloud-init[914]: The key fingerprint is:
[   24.072524] cloud-init[914]: SHA256:CN8avkeKB9GyILrSl5Du87kxOW9NBMuiPc+ISks8yi8 root@ubuntu-xenial
[   24.104421] cloud-init[914]: The key's randomart image is:
[   24.104555] cloud-init[914]: +---[DSA 1024]----+
         Starting Login to default iSCSI targets...
[   24.108442] cloud-init[914]: |                 |
[   24.177995] cloud-init[914]: |      .          |
[[0;32m  OK  [0m] Started OpenBSD Secure Shell server.
[[0;32m  OK  [0m] Started Authenticate and Authorize Users to Run Privileged Tasks.
[[0;32m  OK  [0m] Started Accounts Service.
[   24.193056] cloud-init[914]: |    .o o         |
[   24.263242] cloud-init[914]: |. . +o+o.        |
[   24.280340] cloud-init[914]: |.. = =+.S        |
[   24.293236] cloud-init[914]: |o + =o oo        |
[[0;32m  OK  [0m] Started Login to default iSCSI targets.
[   24.302208] cloud-init[914]: | O o=Oo=         |
[   24.327667] cloud-init[914]: |BEB =**.o        |
[[0;32m  OK  [0m] Reached target Remote File Systems (Pre).
[[0;32m  OK  [0m] Reached target Remote File Systems.
[   24.342005] cloud-init[914]: |+=+=++o.         |
         Starting LSB: automatic crash report generation...
         Starting Permit User Sessions...
[   24.377916] cloud-init[914]: +----[SHA256]-----+
[   24.440684] cloud-init[914]: Generating public/private ecdsa key pair.
[   24.460830] cloud-init[914]: Your identification has been saved in /etc/ssh/ssh_host_ecdsa_key.
[   24.468207] cloud-init[914]: Your public key has been saved in /etc/ssh/ssh_host_ecdsa_key.pub.
[   24.468329] cloud-init[914]: The key fingerprint is:
[   24.468579] cloud-init[914]: SHA256:5BSTlBtGr/WIvcDzLcQTqf/plcR75E3x/PeQOI24xts root@ubuntu-xenial
[   24.468744] cloud-init[914]: The key's randomart image is:
[   24.468868] cloud-init[914]: +---[ECDSA 256]---+
[   24.468988] cloud-init[914]: |       o=o       |
[   24.469108] cloud-init[914]: |        =+ .     |
[   24.469226] cloud-init[914]: |       .oo=    . |
[   24.469344] cloud-init[914]: |       =.B + . .o|
[   24.469461] cloud-init[914]: |        S * . o =|
[   24.469576] cloud-init[914]: |         * = = Bo|
[   24.469717] cloud-init[914]: |         .* = B *|
[   24.469980] cloud-init[914]: |          o= + oo|
[   24.470095] cloud-init[914]: |         .ooE   .|
[   24.470256] cloud-init[914]: +----[SHA256]-----+
         Starting LSB: daemon to balance interrupts for SMP systems...
[   24.470323] cloud-init[914]: Generating public/private ed25519 key pair.
         Starting LSB: VirtualBox Linux Additions...
         Starting LSB: Set the CPU Frequency Scaling governor to "ondemand"...
[[0;32m  OK  [0m] Started Permit User Sessions.
[   24.711260] cloud-init[914]: Your identification has been saved in /etc/ssh/ssh_host_ed25519_key.
[   24.776064] cloud-init[914]: Your public key has been saved in /etc/ssh/ssh_host_ed25519_key.pub.
[   24.784776] cloud-init[914]: The key fingerprint is:
[   24.800368] cloud-init[914]: SHA256:vty2sYzJZuytB4VuKcn9FqnjR9Y1fVXtpryow66pcXo root@ubuntu-xenial
         Starting Terminate Plymouth Boot Screen...
[   24.806738] cloud-init[914]: The key's randomart image is:
         Starting Hold until boot process finishes up...
[[0;32m  OK  [0m] Started LSB: daemon to balance interrupts for SMP systems.
[[0;32m  OK  [0m] Started LSB: Set the CPU Frequency Scaling governor to "ondemand".
[   24.812729] cloud-init[914]: +--[ED25519 256]--+
[   24.840326] cloud-init[[0;32m  OK  [0m] Started Terminate Plymouth Boot Screen.
[914]: |                +|
[   24.861515] [cloud-init[0;32m  OK  [0m[914]: ] |                o|Started Hold until boot process finishes up.

[[0;32m  OK  [0m] Started LSB: automatic crash report generation.
[   24.863162] cloud-init[914]: |         .     o.|
[   24.901422] cloud-init[914]: |        . .   o =|
[[0;32m  OK  [0m] Started Getty on tty1.
[   24.916875] cloud-init[914]: |     . +So o o +.|
[   24.952713] [cloud-init[0;32m  OK  [0m[914]: ] |      +.* = . o  |Started Serial Getty on ttyS0.

[[0;32m  OK  [0m] Reached target Login Prompts.
[   24.953321] cloud-init[914]: |      .+oB.. . . |
[   24.971393]          cloud-initStarting Set console scheme...[914]: 
|       *EOOo. .  |
[[0;32m  OK  [0m] Started Set console scheme.
[   24.978336] cloud-init[914]: |      oB%XO+     |
[   24.985183] cloud-init[914]: +----[SHA256]-----+
[   25.002790] cloud-init[1069]: Generating locales (this might take a while)...
[[0;32m  OK  [0m] Started LSB: VirtualBox Linux Additions.
[[0;32m  OK  [0m] Reached target Multi-User System.
[[0;32m  OK  [0m] Reached target Graphical Interface.
         Starting Update UTMP about System Runlevel Changes...
[[0;32m  OK  [0m] Started Update UTMP about System Runlevel Changes.
[   26.588456] cloud-init[1069]:   en_US.UTF-8... done
[   26.605279] cloud-init[1069]: Generation complete.
         Stopping OpenBSD Secure Shell server...
[[0;32m  OK  [0m] Stopped OpenBSD Secure Shell server.
         Starting OpenBSD Secure Shell server...
[[0;32m  OK  [0m] Started OpenBSD Secure Shell server.
[[0;32m  OK  [0m] Created slice User Slice of ubuntu.
         Starting User Manager for UID 1000...
[[0;32m  OK  [0m] Started Session 1 of user ubuntu.
[[0;32m  OK  [0m] Started User Manager for UID 1000.
[   27.260495] cloud-init[1069]: Cloud-init v. 0.7.9 running 'modules:config' at Tue, 08 Aug 2017 15:07:10 +0000. Up 24.47 seconds.
[[0;32m  OK  [0m] Started Apply the settings specified in cloud-config.
         Starting Execute cloud user/final scripts...
ci-info: no authorized ssh keys fingerprints found for user ubuntu.
<14>Aug  8 15:07:14 ec2: 
<14>Aug  8 15:07:14 ec2: #############################################################
<14>Aug  8 15:07:14 ec2: -----BEGIN SSH HOST KEY FINGERPRINTS-----
<14>Aug  8 15:07:14 ec2: 1024 SHA256:CN8avkeKB9GyILrSl5Du87kxOW9NBMuiPc+ISks8yi8 root@ubuntu-xenial (DSA)
<14>Aug  8 15:07:14 ec2: 256 SHA256:5BSTlBtGr/WIvcDzLcQTqf/plcR75E3x/PeQOI24xts root@ubuntu-xenial (ECDSA)
<14>Aug  8 15:07:14 ec2: 256 SHA256:vty2sYzJZuytB4VuKcn9FqnjR9Y1fVXtpryow66pcXo root@ubuntu-xenial (ED25519)
<14>Aug  8 15:07:14 ec2: 2048 SHA256:rPZOMUfyLrhY8md70BGhwo/0iEhsTgwEs7VRJiW6n48 root@ubuntu-xenial (RSA)
<14>Aug  8 15:07:14 ec2: -----END SSH HOST KEY FINGERPRINTS-----
<14>Aug  8 15:07:14 ec2: #############################################################
-----BEGIN SSH HOST KEY KEYS-----
ecdsa-sha2-nistp256 AAAAE2VjZHNhLXNoYTItbmlzdHAyNTYAAAAIbmlzdHAyNTYAAABBBJe4Rr65WxxHNsKcVvtTunLvDNY7mdJF/OCoKVPEhIZbUYqMO5PU4h8HhBP5bIkF4YayNXgoN2S4+E9dV+RKURE= root@ubuntu-xenial
ssh-ed25519 AAAAC3NzaC1lZDI1NTE5AAAAIEEbLwRC5sCfOPlHYjzqEFvpwlH6inVaspoH4KzLg9AQ root@ubuntu-xenial
ssh-rsa AAAAB3NzaC1yc2EAAAADAQABAAABAQDkE1P98VxbQj5XGJRKo3UVPh/dPljTvfTbL46qyXQA2sNxXEsNZ2QMzxkAaZtTpiZPSj6b5JMgINbdTY2gKRdw7BdWBNvYjhvv0TBzo2yfs1IMCQCMvKErad0AIhpJrAVO2xmdD2T4yHmpTN+/L6gs90cvJReWDnCQ2UnaYzj9dTU113w2ykuxdPZRrhIHbmauircP8ntrcfJrjYUGhjjHMYaPSDnMk6Me5NSUrDBrgtF+YG/prSVx5FrOhmFx1f2t2sCKuDCvnuVQIVr9x7rGgCZ1AKaeWwWT2z1nIlm9MlbJhHXwoVr0O1u8ZxjWHoNvh33lgHfe0vmQMsfKyBHh root@ubuntu-xenial
-----END SSH HOST KEY KEYS-----
[   28.619172] cloud-init[1365]: Cloud-init v. 0.7.9 running 'modules:final' at Tue, 08 Aug 2017 15:07:14 +0000. Up 28.03 seconds.
[   28.633858] cloud-init[1365]: ci-info: no authorized ssh keys fingerprints found for user ubuntu.
[   28.644558] cloud-init[1365]: Cloud-init v. 0.7.9 finished at Tue, 08 Aug 2017 15:07:14 +0000. Datasource DataSourceNoCloud [seed=/dev/sdb][dsmode=net].  Up 28.60 seconds
[[0;32m  OK  [0m] Started Execute cloud user/final scripts.
[[0;32m  OK  [0m] Reached target Cloud-init target.

Ubuntu 16.04.3 LTS ubuntu-xenial ttyS0

ubuntu-xenial login: 